../Core/Src/main.c:100:6:HAL_GPIO_EXTI_Callback	16	static
../Core/Src/main.c:116:6:ext	8	static
../Core/Src/main.c:227:7:MENU_SET	32	static
../Core/Src/main.c:151:5:main	72	static
../Core/Src/main.c:340:6:SystemClock_Config	88	static
../Core/Src/main.c:388:13:MX_ADC1_Init	24	static
../Core/Src/main.c:432:13:MX_I2C1_Init	8	static
../Core/Src/main.c:464:13:MX_TIM1_Init	56	static
../Core/Src/main.c:512:13:MX_TIM3_Init	64	static
../Core/Src/main.c:566:13:MX_TIM4_Init	32	static
../Core/Src/main.c:608:13:MX_USART1_UART_Init	8	static
../Core/Src/main.c:639:13:MX_GPIO_Init	40	static
../Core/Src/main.c:717:6:Error_Handler	4	static,ignoring_inline_asm
