../Core/Src/main.c:100:6:HAL_GPIO_EXTI_Callback	16	static
../Core/Src/main.c:116:6:ext	8	static
../Core/Src/main.c:232:7:MENU_SET	32	static
../Core/Src/main.c:155:5:main	72	static
../Core/Src/main.c:346:6:SystemClock_Config	88	static
../Core/Src/main.c:394:13:MX_ADC1_Init	24	static
../Core/Src/main.c:438:13:MX_I2C1_Init	8	static
../Core/Src/main.c:470:13:MX_TIM1_Init	56	static
../Core/Src/main.c:518:13:MX_TIM3_Init	64	static
../Core/Src/main.c:572:13:MX_TIM4_Init	32	static
../Core/Src/main.c:614:13:MX_USART1_UART_Init	8	static
../Core/Src/main.c:645:13:MX_GPIO_Init	40	static
../Core/Src/main.c:723:6:Error_Handler	4	static,ignoring_inline_asm
